Starting Metax Zero Webserver (Stable Version)...
Waiting for server to initialize...
metax configured.
db initialized
https server started
Starting JsonEditor Instance 1 (Left)...
Starting JsonEditor Instance 2 (Right)...
Both instances started side-by-side.
Press Enter to stop the server and exit...

Stopping processes...
Done.

(JsonEditor:77956): Gtk-WARNING **: 18:10:57.517: Whoever translated default:LTR did so wrongly. Defaulting to LTR.

(JsonEditor:77956): Gtk-WARNING **: 18:10:57.532: Theme parsing error: gtk-widgets-borders.css:270:25: 'border-imageborder-width' is not a valid property name

(JsonEditor:77956): Gtk-WARNING **: 18:10:57.533: Theme parsing error: gtk-widgets-assets.css:152:49: Using one color stop with linear-gradient() is deprecated.

(JsonEditor:77956): Gtk-WARNING **: 18:10:57.538: Theme parsing error: window-controls.css:208:1: Expected a valid selector
