Trace 2026-1-22 16:19:36.241 webserver: logger configured.
Trace 2026-1-22 16:19:36.242 webserver: configure_webserver
Trace 2026-1-22 16:19:36.243 webserver: END configure_webserver
Trace 2026-1-22 16:19:36.243 webserver: connecting to host metax.
Trace 2026-1-22 16:19:36.264 webserver: successfully connected to host metax.
Trace 2026-1-22 16:19:36.264 webserver: connecting to metax websocket.
Trace 2026-1-22 16:19:36.275 webserver: successfully connected to metax websocket.
Trace 2026-1-22 16:19:36.276 webserver: metax websocket token received: 1b4d3f9e-5bc4-4214-8bf1-91bd732a1b59
Error 2026-1-22 16:19:36.295 webserver: unable to get sitemap permission requests object: {"error":"invalid uuid."}
Trace 2026-1-22 16:19:36.297 webserver: get_website for 4aaf100e-618a-460b-9f38-0bc0bfd2e4dc-fd09f58a-cfb4-4708-9918-bb5d59a5613a
Error 2026-1-22 16:19:36.301 webserver: unable to get private key for New Website, defaulting
Trace 2026-1-22 16:19:36.302 webserver: END get_website for 4aaf100e-618a-460b-9f38-0bc0bfd2e4dc-fd09f58a-cfb4-4708-9918-bb5d59a5613a
Trace 2026-1-22 16:19:36.303 webserver: get_website for 8b38cdc7-4877-417e-9376-f7ef076ae34b-d832a6b5-3dc7-42d6-80d1-cfe8d79202d2
Error 2026-1-22 16:19:36.306 webserver: unable to get private key for hi everyone, defaulting
Trace 2026-1-22 16:19:36.307 webserver: END get_website for 8b38cdc7-4877-417e-9376-f7ef076ae34b-d832a6b5-3dc7-42d6-80d1-cfe8d79202d2
Trace 2026-1-22 16:19:36.307 webserver: get_website for 527b7368-68b7-43f5-9270-8d837f863728-517d7cb0-5135-4c63-ae97-0217ec18b7eb
Error 2026-1-22 16:19:36.310 webserver: unable to get private key for New Website, defaulting
Trace 2026-1-22 16:19:36.311 webserver: END get_website for 527b7368-68b7-43f5-9270-8d837f863728-517d7cb0-5135-4c63-ae97-0217ec18b7eb
Trace 2026-1-22 16:19:36.311 notifier: construct_transporter_package
Trace 2026-1-22 16:19:36.311 notifier: END construct_transporter_package
Trace 2026-1-22 16:19:36.311 notifier: New Website doesn't have mailing credentials, skipping
Trace 2026-1-22 16:19:36.311 notifier: construct_transporter_package
Trace 2026-1-22 16:19:36.311 notifier: END construct_transporter_package
Trace 2026-1-22 16:19:36.312 notifier: hi everyone doesn't have mailing credentials, skipping
Trace 2026-1-22 16:19:36.312 notifier: construct_transporter_package
Trace 2026-1-22 16:19:36.312 notifier: END construct_transporter_package
Trace 2026-1-22 16:19:36.312 notifier: New Website doesn't have mailing credentials, skipping
Trace 2026-1-22 16:19:36.312 webserver: starting read-only server
Trace 2026-1-22 16:19:36.314 webserver: starting write server
Trace 2026-1-22 16:19:36.316 webserver: read-only server running on port: 5002
Trace 2026-1-22 16:19:36.316 webserver: write server running on port: 5003
Warning 2026-1-22 16:19:43.176 webserver: metax websocket connection closed. Reconnecting in 3s...
Trace 2026-1-22 16:19:43.177 webserver: host metax connection closed. Retrying in 1s...
Trace 2026-1-22 16:19:44.178 webserver: connecting to host metax.
Error 2026-1-22 16:19:44.180 webserver: failed to connect to host metax: AggregateError. Retrying in 1s...
Trace 2026-1-22 16:19:44.180 webserver: host metax connection closed. Retrying in 1s...
Trace 2026-1-22 16:19:45.181 webserver: connecting to host metax.
Trace 2026-1-22 16:19:45.183 webserver: connecting to host metax.
Error 2026-1-22 16:19:45.184 webserver: failed to connect to host metax: AggregateError. Retrying in 1s...
Trace 2026-1-22 16:19:45.184 webserver: host metax connection closed. Retrying in 1s...
Error 2026-1-22 16:19:45.185 webserver: failed to connect to host metax: AggregateError. Retrying in 1s...
Trace 2026-1-22 16:19:45.185 webserver: host metax connection closed. Retrying in 1s...
Trace 2026-1-22 16:19:46.177 webserver: connecting to metax websocket.
Error 2026-1-22 16:19:46.179 webserver: metax websocket error: AggregateError
Warning 2026-1-22 16:19:46.179 webserver: metax websocket connection closed. Reconnecting in 3s...
Trace 2026-1-22 16:19:46.184 webserver: connecting to host metax.
Trace 2026-1-22 16:19:46.185 webserver: connecting to host metax.
Trace 2026-1-22 16:19:46.186 webserver: connecting to host metax.
Trace 2026-1-22 16:19:46.186 webserver: connecting to host metax.
Error 2026-1-22 16:19:46.188 webserver: failed to connect to host metax: AggregateError. Retrying in 1s...
Trace 2026-1-22 16:19:46.188 webserver: host metax connection closed. Retrying in 1s...
Error 2026-1-22 16:19:46.188 webserver: failed to connect to host metax: AggregateError. Retrying in 1s...
Trace 2026-1-22 16:19:46.188 webserver: host metax connection closed. Retrying in 1s...
Error 2026-1-22 16:19:46.188 webserver: failed to connect to host metax: AggregateError. Retrying in 1s...
Trace 2026-1-22 16:19:46.188 webserver: host metax connection closed. Retrying in 1s...
Error 2026-1-22 16:19:46.188 webserver: failed to connect to host metax: AggregateError. Retrying in 1s...
Trace 2026-1-22 16:19:46.188 webserver: host metax connection closed. Retrying in 1s...
Trace 2026-1-22 16:19:47.189 webserver: connecting to host metax.
Trace 2026-1-22 16:19:47.190 webserver: connecting to host metax.
Trace 2026-1-22 16:19:47.191 webserver: connecting to host metax.
Trace 2026-1-22 16:19:47.191 webserver: connecting to host metax.
Trace 2026-1-22 16:19:47.192 webserver: connecting to host metax.
Trace 2026-1-22 16:19:47.193 webserver: connecting to host metax.
Trace 2026-1-22 16:19:47.193 webserver: connecting to host metax.
Trace 2026-1-22 16:19:47.194 webserver: connecting to host metax.
Error 2026-1-22 16:19:47.196 webserver: failed to connect to host metax: AggregateError. Retrying in 1s...
Trace 2026-1-22 16:19:47.196 webserver: host metax connection closed. Retrying in 1s...
Error 2026-1-22 16:19:47.196 webserver: failed to connect to host metax: AggregateError. Retrying in 1s...
Trace 2026-1-22 16:19:47.196 webserver: host metax connection closed. Retrying in 1s...
Error 2026-1-22 16:19:47.196 webserver: failed to connect to host metax: AggregateError. Retrying in 1s...
Trace 2026-1-22 16:19:47.196 webserver: host metax connection closed. Retrying in 1s...
Error 2026-1-22 16:19:47.196 webserver: failed to connect to host metax: AggregateError. Retrying in 1s...
Trace 2026-1-22 16:19:47.196 webserver: host metax connection closed. Retrying in 1s...
Error 2026-1-22 16:19:47.196 webserver: failed to connect to host metax: AggregateError. Retrying in 1s...
Trace 2026-1-22 16:19:47.197 webserver: host metax connection closed. Retrying in 1s...
Error 2026-1-22 16:19:47.197 webserver: failed to connect to host metax: AggregateError. Retrying in 1s...
Trace 2026-1-22 16:19:47.197 webserver: host metax connection closed. Retrying in 1s...
Error 2026-1-22 16:19:47.197 webserver: failed to connect to host metax: AggregateError. Retrying in 1s...
Trace 2026-1-22 16:19:47.197 webserver: host metax connection closed. Retrying in 1s...
Error 2026-1-22 16:19:47.197 webserver: failed to connect to host metax: AggregateError. Retrying in 1s...
Trace 2026-1-22 16:19:47.197 webserver: host metax connection closed. Retrying in 1s...
Trace 2026-1-22 16:19:48.196 webserver: connecting to host metax.
Trace 2026-1-22 16:19:48.197 webserver: connecting to host metax.
Trace 2026-1-22 16:19:48.198 webserver: connecting to host metax.
Trace 2026-1-22 16:19:48.198 webserver: connecting to host metax.
Trace 2026-1-22 16:19:48.199 webserver: connecting to host metax.
Trace 2026-1-22 16:19:48.199 webserver: connecting to host metax.
Trace 2026-1-22 16:19:48.200 webserver: connecting to host metax.
Trace 2026-1-22 16:19:48.200 webserver: connecting to host metax.
Trace 2026-1-22 16:19:48.201 webserver: connecting to host metax.
Trace 2026-1-22 16:19:48.201 webserver: connecting to host metax.
Trace 2026-1-22 16:19:48.202 webserver: connecting to host metax.
Trace 2026-1-22 16:19:48.202 webserver: connecting to host metax.
Trace 2026-1-22 16:19:48.202 webserver: connecting to host metax.
Trace 2026-1-22 16:19:48.203 webserver: connecting to host metax.
Trace 2026-1-22 16:19:48.203 webserver: connecting to host metax.
Trace 2026-1-22 16:19:48.204 webserver: connecting to host metax.
Error 2026-1-22 16:19:48.206 webserver: failed to connect to host metax: AggregateError. Retrying in 1s...
Trace 2026-1-22 16:19:48.206 webserver: host metax connection closed. Retrying in 1s...
Error 2026-1-22 16:19:48.206 webserver: failed to connect to host metax: AggregateError. Retrying in 1s...
Trace 2026-1-22 16:19:48.206 webserver: host metax connection closed. Retrying in 1s...
Error 2026-1-22 16:19:48.206 webserver: failed to connect to host metax: AggregateError. Retrying in 1s...
Trace 2026-1-22 16:19:48.206 webserver: host metax connection closed. Retrying in 1s...
Error 2026-1-22 16:19:48.207 webserver: failed to connect to host metax: AggregateError. Retrying in 1s...
Trace 2026-1-22 16:19:48.207 webserver: host metax connection closed. Retrying in 1s...
Error 2026-1-22 16:19:48.207 webserver: failed to connect to host metax: AggregateError. Retrying in 1s...
Trace 2026-1-22 16:19:48.207 webserver: host metax connection closed. Retrying in 1s...
Error 2026-1-22 16:19:48.207 webserver: failed to connect to host metax: AggregateError. Retrying in 1s...
Trace 2026-1-22 16:19:48.207 webserver: host metax connection closed. Retrying in 1s...
Error 2026-1-22 16:19:48.207 webserver: failed to connect to host metax: AggregateError. Retrying in 1s...
Trace 2026-1-22 16:19:48.207 webserver: host metax connection closed. Retrying in 1s...
Error 2026-1-22 16:19:48.207 webserver: failed to connect to host metax: AggregateError. Retrying in 1s...
Trace 2026-1-22 16:19:48.207 webserver: host metax connection closed. Retrying in 1s...
Error 2026-1-22 16:19:48.208 webserver: failed to connect to host metax: AggregateError. Retrying in 1s...
Trace 2026-1-22 16:19:48.208 webserver: host metax connection closed. Retrying in 1s...
Error 2026-1-22 16:19:48.208 webserver: failed to connect to host metax: AggregateError. Retrying in 1s...
Trace 2026-1-22 16:19:48.208 webserver: host metax connection closed. Retrying in 1s...
Error 2026-1-22 16:19:48.208 webserver: failed to connect to host metax: AggregateError. Retrying in 1s...
Trace 2026-1-22 16:19:48.208 webserver: host metax connection closed. Retrying in 1s...
Error 2026-1-22 16:19:48.208 webserver: failed to connect to host metax: AggregateError. Retrying in 1s...
Trace 2026-1-22 16:19:48.208 webserver: host metax connection closed. Retrying in 1s...
Error 2026-1-22 16:19:48.208 webserver: failed to connect to host metax: AggregateError. Retrying in 1s...
Trace 2026-1-22 16:19:48.208 webserver: host metax connection closed. Retrying in 1s...
Error 2026-1-22 16:19:48.208 webserver: failed to connect to host metax: AggregateError. Retrying in 1s...
Trace 2026-1-22 16:19:48.208 webserver: host metax connection closed. Retrying in 1s...
Error 2026-1-22 16:19:48.208 webserver: failed to connect to host metax: AggregateError. Retrying in 1s...
Trace 2026-1-22 16:19:48.208 webserver: host metax connection closed. Retrying in 1s...
Error 2026-1-22 16:19:48.209 webserver: failed to connect to host metax: AggregateError. Retrying in 1s...
Trace 2026-1-22 16:19:48.209 webserver: host metax connection closed. Retrying in 1s...
Trace 2026-1-22 16:19:49.179 webserver: connecting to metax websocket.
Error 2026-1-22 16:19:49.182 webserver: metax websocket error: AggregateError
Warning 2026-1-22 16:19:49.182 webserver: metax websocket connection closed. Reconnecting in 3s...
Trace 2026-1-22 16:19:49.206 webserver: connecting to host metax.
Trace 2026-1-22 16:19:49.208 webserver: connecting to host metax.
Trace 2026-1-22 16:19:49.209 webserver: connecting to host metax.
Trace 2026-1-22 16:19:49.213 webserver: connecting to host metax.
Trace 2026-1-22 16:19:49.214 webserver: connecting to host metax.
Trace 2026-1-22 16:19:49.215 webserver: connecting to host metax.
Trace 2026-1-22 16:19:49.217 webserver: connecting to host metax.
Trace 2026-1-22 16:19:49.218 webserver: connecting to host metax.
Trace 2026-1-22 16:19:49.220 webserver: connecting to host metax.
Trace 2026-1-22 16:19:49.221 webserver: connecting to host metax.
Trace 2026-1-22 16:19:49.223 webserver: connecting to host metax.
Trace 2026-1-22 16:19:49.228 webserver: connecting to host metax.
Trace 2026-1-22 16:19:49.229 webserver: connecting to host metax.
Trace 2026-1-22 16:19:49.230 webserver: connecting to host metax.
Trace 2026-1-22 16:19:49.231 webserver: connecting to host metax.
Trace 2026-1-22 16:19:49.232 webserver: connecting to host metax.
Trace 2026-1-22 16:19:49.233 webserver: connecting to host metax.
Trace 2026-1-22 16:19:49.234 webserver: connecting to host metax.
Trace 2026-1-22 16:19:49.235 webserver: connecting to host metax.
Trace 2026-1-22 16:19:49.235 webserver: connecting to host metax.
Trace 2026-1-22 16:19:49.236 webserver: connecting to host metax.
Trace 2026-1-22 16:19:49.237 webserver: connecting to host metax.
Trace 2026-1-22 16:19:49.238 webserver: connecting to host metax.
Trace 2026-1-22 16:19:49.239 webserver: connecting to host metax.
Trace 2026-1-22 16:19:49.239 webserver: connecting to host metax.
Trace 2026-1-22 16:19:49.240 webserver: connecting to host metax.
Trace 2026-1-22 16:19:49.240 webserver: connecting to host metax.
Trace 2026-1-22 16:19:49.242 webserver: connecting to host metax.
Trace 2026-1-22 16:19:49.242 webserver: connecting to host metax.
Trace 2026-1-22 16:19:49.243 webserver: connecting to host metax.
Trace 2026-1-22 16:19:49.244 webserver: connecting to host metax.
Trace 2026-1-22 16:19:49.244 webserver: connecting to host metax.
Error 2026-1-22 16:19:49.255 webserver: failed to connect to host metax: AggregateError. Retrying in 1s...
Trace 2026-1-22 16:19:49.255 webserver: host metax connection closed. Retrying in 1s...
Error 2026-1-22 16:19:49.255 webserver: failed to connect to host metax: AggregateError. Retrying in 1s...
Trace 2026-1-22 16:19:49.255 webserver: host metax connection closed. Retrying in 1s...
Error 2026-1-22 16:19:49.256 webserver: failed to connect to host metax: AggregateError. Retrying in 1s...
Trace 2026-1-22 16:19:49.256 webserver: host metax connection closed. Retrying in 1s...
Error 2026-1-22 16:19:49.256 webserver: failed to connect to host metax: AggregateError. Retrying in 1s...
Trace 2026-1-22 16:19:49.256 webserver: host metax connection closed. Retrying in 1s...
Error 2026-1-22 16:19:49.256 webserver: failed to connect to host metax: AggregateError. Retrying in 1s...
Trace 2026-1-22 16:19:49.256 webserver: host metax connection closed. Retrying in 1s...
Error 2026-1-22 16:19:49.256 webserver: failed to connect to host metax: AggregateError. Retrying in 1s...
Trace 2026-1-22 16:19:49.256 webserver: host metax connection closed. Retrying in 1s...
Error 2026-1-22 16:19:49.256 webserver: failed to connect to host metax: AggregateError. Retrying in 1s...
Trace 2026-1-22 16:19:49.256 webserver: host metax connection closed. Retrying in 1s...
Error 2026-1-22 16:19:49.256 webserver: failed to connect to host metax: AggregateError. Retrying in 1s...
Trace 2026-1-22 16:19:49.256 webserver: host metax connection closed. Retrying in 1s...
Error 2026-1-22 16:19:49.256 webserver: failed to connect to host metax: AggregateError. Retrying in 1s...
Trace 2026-1-22 16:19:49.256 webserver: host metax connection closed. Retrying in 1s...
Error 2026-1-22 16:19:49.256 webserver: failed to connect to host metax: AggregateError. Retrying in 1s...
Trace 2026-1-22 16:19:49.256 webserver: host metax connection closed. Retrying in 1s...
Error 2026-1-22 16:19:49.257 webserver: failed to connect to host metax: AggregateError. Retrying in 1s...
Trace 2026-1-22 16:19:49.257 webserver: host metax connection closed. Retrying in 1s...
Error 2026-1-22 16:19:49.257 webserver: failed to connect to host metax: AggregateError. Retrying in 1s...
Trace 2026-1-22 16:19:49.257 webserver: host metax connection closed. Retrying in 1s...
Error 2026-1-22 16:19:49.257 webserver: failed to connect to host metax: AggregateError. Retrying in 1s...
Trace 2026-1-22 16:19:49.257 webserver: host metax connection closed. Retrying in 1s...
Error 2026-1-22 16:19:49.257 webserver: failed to connect to host metax: AggregateError. Retrying in 1s...
Trace 2026-1-22 16:19:49.257 webserver: host metax connection closed. Retrying in 1s...
Error 2026-1-22 16:19:49.257 webserver: failed to connect to host metax: AggregateError. Retrying in 1s...
Trace 2026-1-22 16:19:49.257 webserver: host metax connection closed. Retrying in 1s...
Error 2026-1-22 16:19:49.257 webserver: failed to connect to host metax: AggregateError. Retrying in 1s...
Trace 2026-1-22 16:19:49.257 webserver: host metax connection closed. Retrying in 1s...
Error 2026-1-22 16:19:49.257 webserver: failed to connect to host metax: AggregateError. Retrying in 1s...
Trace 2026-1-22 16:19:49.257 webserver: host metax connection closed. Retrying in 1s...
Error 2026-1-22 16:19:49.258 webserver: failed to connect to host metax: AggregateError. Retrying in 1s...
Trace 2026-1-22 16:19:49.258 webserver: host metax connection closed. Retrying in 1s...
Error 2026-1-22 16:19:49.258 webserver: failed to connect to host metax: AggregateError. Retrying in 1s...
Trace 2026-1-22 16:19:49.258 webserver: host metax connection closed. Retrying in 1s...
Error 2026-1-22 16:19:49.258 webserver: failed to connect to host metax: AggregateError. Retrying in 1s...
Trace 2026-1-22 16:19:49.258 webserver: host metax connection closed. Retrying in 1s...
Error 2026-1-22 16:19:49.258 webserver: failed to connect to host metax: AggregateError. Retrying in 1s...
Trace 2026-1-22 16:19:49.258 webserver: host metax connection closed. Retrying in 1s...
Error 2026-1-22 16:19:49.258 webserver: failed to connect to host metax: AggregateError. Retrying in 1s...
Trace 2026-1-22 16:19:49.258 webserver: host metax connection closed. Retrying in 1s...
Error 2026-1-22 16:19:49.258 webserver: failed to connect to host metax: AggregateError. Retrying in 1s...
Trace 2026-1-22 16:19:49.258 webserver: host metax connection closed. Retrying in 1s...
Error 2026-1-22 16:19:49.258 webserver: failed to connect to host metax: AggregateError. Retrying in 1s...
Trace 2026-1-22 16:19:49.258 webserver: host metax connection closed. Retrying in 1s...
Error 2026-1-22 16:19:49.259 webserver: failed to connect to host metax: AggregateError. Retrying in 1s...
Trace 2026-1-22 16:19:49.259 webserver: host metax connection closed. Retrying in 1s...
Error 2026-1-22 16:19:49.259 webserver: failed to connect to host metax: AggregateError. Retrying in 1s...
Trace 2026-1-22 16:19:49.259 webserver: host metax connection closed. Retrying in 1s...
Error 2026-1-22 16:19:49.259 webserver: failed to connect to host metax: AggregateError. Retrying in 1s...
Trace 2026-1-22 16:19:49.259 webserver: host metax connection closed. Retrying in 1s...
Error 2026-1-22 16:19:49.259 webserver: failed to connect to host metax: AggregateError. Retrying in 1s...
Trace 2026-1-22 16:19:49.259 webserver: host metax connection closed. Retrying in 1s...
Error 2026-1-22 16:19:49.259 webserver: failed to connect to host metax: AggregateError. Retrying in 1s...
Trace 2026-1-22 16:19:49.259 webserver: host metax connection closed. Retrying in 1s...
Error 2026-1-22 16:19:49.259 webserver: failed to connect to host metax: AggregateError. Retrying in 1s...
Trace 2026-1-22 16:19:49.259 webserver: host metax connection closed. Retrying in 1s...
Error 2026-1-22 16:19:49.259 webserver: failed to connect to host metax: AggregateError. Retrying in 1s...
Trace 2026-1-22 16:19:49.259 webserver: host metax connection closed. Retrying in 1s...
Error 2026-1-22 16:19:49.260 webserver: failed to connect to host metax: AggregateError. Retrying in 1s...
Trace 2026-1-22 16:19:49.260 webserver: host metax connection closed. Retrying in 1s...
Trace 2026-1-22 16:19:50.256 webserver: connecting to host metax.
Trace 2026-1-22 16:19:50.256 webserver: connecting to host metax.
Trace 2026-1-22 16:19:50.257 webserver: connecting to host metax.
Trace 2026-1-22 16:19:50.257 webserver: connecting to host metax.
Trace 2026-1-22 16:19:50.258 webserver: connecting to host metax.
Trace 2026-1-22 16:19:50.258 webserver: connecting to host metax.
Trace 2026-1-22 16:19:50.258 webserver: connecting to host metax.
Trace 2026-1-22 16:19:50.259 webserver: connecting to host metax.
Trace 2026-1-22 16:19:50.259 webserver: connecting to host metax.
Trace 2026-1-22 16:19:50.260 webserver: connecting to host metax.
Trace 2026-1-22 16:19:50.261 webserver: connecting to host metax.
Trace 2026-1-22 16:19:50.262 webserver: connecting to host metax.
Trace 2026-1-22 16:19:50.262 webserver: connecting to host metax.
Trace 2026-1-22 16:19:50.263 webserver: connecting to host metax.
Trace 2026-1-22 16:19:50.264 webserver: connecting to host metax.
Trace 2026-1-22 16:19:50.265 webserver: connecting to host metax.
Trace 2026-1-22 16:19:50.266 webserver: connecting to host metax.
Trace 2026-1-22 16:19:50.267 webserver: connecting to host metax.
Trace 2026-1-22 16:19:50.268 webserver: connecting to host metax.
Trace 2026-1-22 16:19:50.269 webserver: connecting to host metax.
Trace 2026-1-22 16:19:50.269 webserver: connecting to host metax.
Trace 2026-1-22 16:19:50.270 webserver: connecting to host metax.
Trace 2026-1-22 16:19:50.271 webserver: connecting to host metax.
Trace 2026-1-22 16:19:50.271 webserver: connecting to host metax.
Trace 2026-1-22 16:19:50.272 webserver: connecting to host metax.
Trace 2026-1-22 16:19:50.272 webserver: connecting to host metax.
Trace 2026-1-22 16:19:50.273 webserver: connecting to host metax.
Trace 2026-1-22 16:19:50.273 webserver: connecting to host metax.
Trace 2026-1-22 16:19:50.274 webserver: connecting to host metax.
Trace 2026-1-22 16:19:50.274 webserver: connecting to host metax.
Trace 2026-1-22 16:19:50.275 webserver: connecting to host metax.
Trace 2026-1-22 16:19:50.275 webserver: connecting to host metax.
Trace 2026-1-22 16:19:50.276 webserver: connecting to host metax.
Trace 2026-1-22 16:19:50.276 webserver: connecting to host metax.
Trace 2026-1-22 16:19:50.277 webserver: connecting to host metax.
Trace 2026-1-22 16:19:50.277 webserver: connecting to host metax.
Trace 2026-1-22 16:19:50.278 webserver: connecting to host metax.
Trace 2026-1-22 16:19:50.278 webserver: connecting to host metax.
Trace 2026-1-22 16:19:50.279 webserver: connecting to host metax.
Trace 2026-1-22 16:19:50.279 webserver: connecting to host metax.
Trace 2026-1-22 16:19:50.281 webserver: connecting to host metax.
Trace 2026-1-22 16:19:50.281 webserver: connecting to host metax.
Trace 2026-1-22 16:19:50.282 webserver: connecting to host metax.
Trace 2026-1-22 16:19:50.282 webserver: connecting to host metax.
Trace 2026-1-22 16:19:50.283 webserver: connecting to host metax.
Trace 2026-1-22 16:19:50.283 webserver: connecting to host metax.
Trace 2026-1-22 16:19:50.284 webserver: connecting to host metax.
Trace 2026-1-22 16:19:50.285 webserver: connecting to host metax.
Trace 2026-1-22 16:19:50.285 webserver: connecting to host metax.
Trace 2026-1-22 16:19:50.286 webserver: connecting to host metax.
Trace 2026-1-22 16:19:50.286 webserver: connecting to host metax.
Trace 2026-1-22 16:19:50.287 webserver: connecting to host metax.
Trace 2026-1-22 16:19:50.288 webserver: connecting to host metax.
Trace 2026-1-22 16:19:50.288 webserver: connecting to host metax.
Trace 2026-1-22 16:19:50.288 webserver: connecting to host metax.
Trace 2026-1-22 16:19:50.289 webserver: connecting to host metax.
Trace 2026-1-22 16:19:50.289 webserver: connecting to host metax.
Trace 2026-1-22 16:19:50.290 webserver: connecting to host metax.
Trace 2026-1-22 16:19:50.290 webserver: connecting to host metax.
Trace 2026-1-22 16:19:50.290 webserver: connecting to host metax.
Trace 2026-1-22 16:19:50.291 webserver: connecting to host metax.
Trace 2026-1-22 16:19:50.291 webserver: connecting to host metax.
Trace 2026-1-22 16:19:50.292 webserver: connecting to host metax.
Trace 2026-1-22 16:19:50.292 webserver: connecting to host metax.
Trace 2026-1-22 16:19:50.298 webserver: successfully connected to host metax.
Trace 2026-1-22 16:19:50.307 webserver: successfully connected to host metax.
Trace 2026-1-22 16:19:50.308 webserver: successfully connected to host metax.
Trace 2026-1-22 16:19:50.309 webserver: successfully connected to host metax.
Trace 2026-1-22 16:19:50.309 webserver: successfully connected to host metax.
Trace 2026-1-22 16:19:50.310 webserver: successfully connected to host metax.
Trace 2026-1-22 16:19:50.310 webserver: successfully connected to host metax.
Trace 2026-1-22 16:19:50.311 webserver: successfully connected to host metax.
Trace 2026-1-22 16:19:50.311 webserver: successfully connected to host metax.
Trace 2026-1-22 16:19:50.312 webserver: successfully connected to host metax.
Trace 2026-1-22 16:19:50.313 webserver: successfully connected to host metax.
Trace 2026-1-22 16:19:50.313 webserver: successfully connected to host metax.
Trace 2026-1-22 16:19:50.314 webserver: successfully connected to host metax.
Trace 2026-1-22 16:19:50.315 webserver: successfully connected to host metax.
Trace 2026-1-22 16:19:50.315 webserver: successfully connected to host metax.
Trace 2026-1-22 16:19:50.316 webserver: successfully connected to host metax.
Trace 2026-1-22 16:19:50.317 webserver: successfully connected to host metax.
Trace 2026-1-22 16:19:50.317 webserver: successfully connected to host metax.
Trace 2026-1-22 16:19:50.318 webserver: successfully connected to host metax.
Trace 2026-1-22 16:19:50.319 webserver: successfully connected to host metax.
Trace 2026-1-22 16:19:50.319 webserver: successfully connected to host metax.
Trace 2026-1-22 16:19:50.320 webserver: successfully connected to host metax.
Trace 2026-1-22 16:19:50.321 webserver: successfully connected to host metax.
Trace 2026-1-22 16:19:50.321 webserver: successfully connected to host metax.
Trace 2026-1-22 16:19:50.322 webserver: successfully connected to host metax.
Trace 2026-1-22 16:19:50.323 webserver: successfully connected to host metax.
Trace 2026-1-22 16:19:50.324 webserver: successfully connected to host metax.
Trace 2026-1-22 16:19:50.326 webserver: successfully connected to host metax.
Trace 2026-1-22 16:19:50.326 webserver: successfully connected to host metax.
Trace 2026-1-22 16:19:50.327 webserver: successfully connected to host metax.
Trace 2026-1-22 16:19:50.328 webserver: successfully connected to host metax.
Trace 2026-1-22 16:19:50.329 webserver: successfully connected to host metax.
Trace 2026-1-22 16:19:50.329 webserver: successfully connected to host metax.
Trace 2026-1-22 16:19:50.330 webserver: successfully connected to host metax.
Trace 2026-1-22 16:19:50.337 webserver: successfully connected to host metax.
Trace 2026-1-22 16:19:50.340 webserver: successfully connected to host metax.
Trace 2026-1-22 16:19:50.340 webserver: successfully connected to host metax.
Trace 2026-1-22 16:19:50.341 webserver: successfully connected to host metax.
Trace 2026-1-22 16:19:50.342 webserver: successfully connected to host metax.
Trace 2026-1-22 16:19:50.344 webserver: successfully connected to host metax.
Trace 2026-1-22 16:19:50.347 webserver: successfully connected to host metax.
Trace 2026-1-22 16:19:50.347 webserver: successfully connected to host metax.
Trace 2026-1-22 16:19:50.351 webserver: successfully connected to host metax.
Trace 2026-1-22 16:19:50.353 webserver: successfully connected to host metax.
Trace 2026-1-22 16:19:50.354 webserver: successfully connected to host metax.
Trace 2026-1-22 16:19:50.356 webserver: successfully connected to host metax.
Trace 2026-1-22 16:19:50.357 webserver: successfully connected to host metax.
Trace 2026-1-22 16:19:50.358 webserver: successfully connected to host metax.
Trace 2026-1-22 16:19:50.359 webserver: successfully connected to host metax.
Trace 2026-1-22 16:19:50.359 webserver: successfully connected to host metax.
Trace 2026-1-22 16:19:50.361 webserver: successfully connected to host metax.
Trace 2026-1-22 16:19:50.361 webserver: successfully connected to host metax.
Trace 2026-1-22 16:19:50.362 webserver: successfully connected to host metax.
Trace 2026-1-22 16:19:50.363 webserver: successfully connected to host metax.
Trace 2026-1-22 16:19:50.365 webserver: successfully connected to host metax.
Trace 2026-1-22 16:19:50.366 webserver: successfully connected to host metax.
Trace 2026-1-22 16:19:50.367 webserver: successfully connected to host metax.
Trace 2026-1-22 16:19:50.368 webserver: successfully connected to host metax.
Trace 2026-1-22 16:19:50.369 webserver: successfully connected to host metax.
Trace 2026-1-22 16:19:50.371 webserver: successfully connected to host metax.
Trace 2026-1-22 16:19:50.372 webserver: successfully connected to host metax.
Trace 2026-1-22 16:19:50.374 webserver: successfully connected to host metax.
Trace 2026-1-22 16:19:50.375 webserver: successfully connected to host metax.
Trace 2026-1-22 16:19:50.376 webserver: successfully connected to host metax.
Trace 2026-1-22 16:19:52.182 webserver: connecting to metax websocket.
Trace 2026-1-22 16:19:52.192 webserver: successfully connected to metax websocket.
Trace 2026-1-22 16:19:52.198 webserver: metax websocket token received: 30a361c7-a364-424c-ae5b-214515b90a37
Trace 2026-1-22 16:19:52.199 webserver: re-registering all metax listeners.
Trace 2026-1-22 16:19:52.213 webserver: successfully re-registered all metax listeners.
Trace 2026-1-22 17:13:53.712 webserver: logger configured.
Trace 2026-1-22 17:13:53.713 webserver: configure_webserver
Trace 2026-1-22 17:13:53.713 webserver: END configure_webserver
Trace 2026-1-22 17:13:53.713 webserver: connecting to host metax.
Trace 2026-1-22 17:13:53.742 webserver: successfully connected to host metax.
Trace 2026-1-22 17:13:53.743 webserver: connecting to metax websocket.
Trace 2026-1-22 17:13:53.759 webserver: successfully connected to metax websocket.
Trace 2026-1-22 17:13:53.761 webserver: metax websocket token received: 49c312a9-d74e-4e90-8547-de555ecbc3ba
Error 2026-1-22 17:13:53.777 webserver: unable to get sitemap permission requests object: {"error":"invalid uuid."}
Trace 2026-1-22 17:13:53.782 webserver: get_website for 4aaf100e-618a-460b-9f38-0bc0bfd2e4dc-fd09f58a-cfb4-4708-9918-bb5d59a5613a
Error 2026-1-22 17:13:53.787 webserver: unable to get private key for New Website, defaulting
Trace 2026-1-22 17:13:53.788 webserver: END get_website for 4aaf100e-618a-460b-9f38-0bc0bfd2e4dc-fd09f58a-cfb4-4708-9918-bb5d59a5613a
Trace 2026-1-22 17:13:53.788 webserver: get_website for 8b38cdc7-4877-417e-9376-f7ef076ae34b-d832a6b5-3dc7-42d6-80d1-cfe8d79202d2
Error 2026-1-22 17:13:53.799 webserver: unable to get private key for hi everyone, defaulting
Trace 2026-1-22 17:13:53.801 webserver: END get_website for 8b38cdc7-4877-417e-9376-f7ef076ae34b-d832a6b5-3dc7-42d6-80d1-cfe8d79202d2
Trace 2026-1-22 17:13:53.801 webserver: get_website for 527b7368-68b7-43f5-9270-8d837f863728-517d7cb0-5135-4c63-ae97-0217ec18b7eb
Error 2026-1-22 17:13:53.812 webserver: unable to get private key for New Website, defaulting
Trace 2026-1-22 17:13:53.815 webserver: END get_website for 527b7368-68b7-43f5-9270-8d837f863728-517d7cb0-5135-4c63-ae97-0217ec18b7eb
Trace 2026-1-22 17:13:53.815 notifier: construct_transporter_package
Trace 2026-1-22 17:13:53.815 notifier: END construct_transporter_package
Trace 2026-1-22 17:13:53.815 notifier: New Website doesn't have mailing credentials, skipping
Trace 2026-1-22 17:13:53.815 notifier: construct_transporter_package
Trace 2026-1-22 17:13:53.815 notifier: END construct_transporter_package
Trace 2026-1-22 17:13:53.815 notifier: hi everyone doesn't have mailing credentials, skipping
Trace 2026-1-22 17:13:53.815 notifier: construct_transporter_package
Trace 2026-1-22 17:13:53.815 notifier: END construct_transporter_package
Trace 2026-1-22 17:13:53.815 notifier: New Website doesn't have mailing credentials, skipping
Trace 2026-1-22 17:13:53.815 webserver: starting read-only server
Trace 2026-1-22 17:13:53.819 webserver: starting write server
Trace 2026-1-22 17:13:53.820 webserver: read-only server running on port: 5002
Trace 2026-1-22 17:13:53.820 webserver: write server running on port: 5003
Trace 2026-1-22 17:14:0.628 webserver: host metax connection closed. Retrying in 1s...
Warning 2026-1-22 17:14:0.628 webserver: metax websocket connection closed. Reconnecting in 3s...
Trace 2026-1-22 17:14:1.629 webserver: connecting to host metax.
Error 2026-1-22 17:14:1.631 webserver: failed to connect to host metax: AggregateError. Retrying in 1s...
Trace 2026-1-22 17:14:1.631 webserver: host metax connection closed. Retrying in 1s...
Trace 2026-1-22 17:14:2.632 webserver: connecting to host metax.
Trace 2026-1-22 17:14:2.633 webserver: connecting to host metax.
Error 2026-1-22 17:14:2.635 webserver: failed to connect to host metax: AggregateError. Retrying in 1s...
Trace 2026-1-22 17:14:2.635 webserver: host metax connection closed. Retrying in 1s...
Error 2026-1-22 17:14:2.635 webserver: failed to connect to host metax: AggregateError. Retrying in 1s...
Trace 2026-1-22 17:14:2.635 webserver: host metax connection closed. Retrying in 1s...
Trace 2026-1-22 17:14:3.629 webserver: connecting to metax websocket.
Error 2026-1-22 17:14:3.632 webserver: metax websocket error: AggregateError
Warning 2026-1-22 17:14:3.632 webserver: metax websocket connection closed. Reconnecting in 3s...
Trace 2026-1-22 17:14:3.634 webserver: connecting to host metax.
Trace 2026-1-22 17:14:3.635 webserver: connecting to host metax.
Trace 2026-1-22 17:14:3.636 webserver: connecting to host metax.
Trace 2026-1-22 17:14:3.637 webserver: connecting to host metax.
Error 2026-1-22 17:14:3.638 webserver: failed to connect to host metax: AggregateError. Retrying in 1s...
Trace 2026-1-22 17:14:3.638 webserver: host metax connection closed. Retrying in 1s...
Error 2026-1-22 17:14:3.638 webserver: failed to connect to host metax: AggregateError. Retrying in 1s...
Trace 2026-1-22 17:14:3.639 webserver: host metax connection closed. Retrying in 1s...
Error 2026-1-22 17:14:3.639 webserver: failed to connect to host metax: AggregateError. Retrying in 1s...
Trace 2026-1-22 17:14:3.639 webserver: host metax connection closed. Retrying in 1s...
Error 2026-1-22 17:14:3.639 webserver: failed to connect to host metax: AggregateError. Retrying in 1s...
Trace 2026-1-22 17:14:3.639 webserver: host metax connection closed. Retrying in 1s...
Trace 2026-1-22 17:14:4.639 webserver: connecting to host metax.
Trace 2026-1-22 17:14:4.641 webserver: connecting to host metax.
Trace 2026-1-22 17:14:4.643 webserver: connecting to host metax.
Trace 2026-1-22 17:14:4.645 webserver: connecting to host metax.
Trace 2026-1-22 17:14:4.646 webserver: connecting to host metax.
Trace 2026-1-22 17:14:4.648 webserver: connecting to host metax.
Trace 2026-1-22 17:14:4.650 webserver: connecting to host metax.
Trace 2026-1-22 17:14:4.652 webserver: connecting to host metax.
Error 2026-1-22 17:14:4.657 webserver: failed to connect to host metax: AggregateError. Retrying in 1s...
Trace 2026-1-22 17:14:4.657 webserver: host metax connection closed. Retrying in 1s...
Error 2026-1-22 17:14:4.657 webserver: failed to connect to host metax: AggregateError. Retrying in 1s...
Trace 2026-1-22 17:14:4.658 webserver: host metax connection closed. Retrying in 1s...
Error 2026-1-22 17:14:4.658 webserver: failed to connect to host metax: AggregateError. Retrying in 1s...
Trace 2026-1-22 17:14:4.658 webserver: host metax connection closed. Retrying in 1s...
Error 2026-1-22 17:14:4.658 webserver: failed to connect to host metax: AggregateError. Retrying in 1s...
Trace 2026-1-22 17:14:4.658 webserver: host metax connection closed. Retrying in 1s...
Error 2026-1-22 17:14:4.658 webserver: failed to connect to host metax: AggregateError. Retrying in 1s...
Trace 2026-1-22 17:14:4.659 webserver: host metax connection closed. Retrying in 1s...
Error 2026-1-22 17:14:4.659 webserver: failed to connect to host metax: AggregateError. Retrying in 1s...
Trace 2026-1-22 17:14:4.659 webserver: host metax connection closed. Retrying in 1s...
Error 2026-1-22 17:14:4.659 webserver: failed to connect to host metax: AggregateError. Retrying in 1s...
Trace 2026-1-22 17:14:4.659 webserver: host metax connection closed. Retrying in 1s...
Error 2026-1-22 17:14:4.659 webserver: failed to connect to host metax: AggregateError. Retrying in 1s...
Trace 2026-1-22 17:14:4.659 webserver: host metax connection closed. Retrying in 1s...
Trace 2026-1-22 17:14:5.656 webserver: connecting to host metax.
Trace 2026-1-22 17:14:5.658 webserver: connecting to host metax.
Trace 2026-1-22 17:14:5.658 webserver: connecting to host metax.
Trace 2026-1-22 17:14:5.659 webserver: connecting to host metax.
Trace 2026-1-22 17:14:5.659 webserver: connecting to host metax.
Trace 2026-1-22 17:14:5.660 webserver: connecting to host metax.
Trace 2026-1-22 17:14:5.662 webserver: connecting to host metax.
Trace 2026-1-22 17:14:5.663 webserver: connecting to host metax.
Trace 2026-1-22 17:14:5.664 webserver: connecting to host metax.
Trace 2026-1-22 17:14:5.664 webserver: connecting to host metax.
Trace 2026-1-22 17:14:5.665 webserver: connecting to host metax.
Trace 2026-1-22 17:14:5.666 webserver: connecting to host metax.
Trace 2026-1-22 17:14:5.666 webserver: connecting to host metax.
Trace 2026-1-22 17:14:5.666 webserver: connecting to host metax.
Trace 2026-1-22 17:14:5.667 webserver: connecting to host metax.
Trace 2026-1-22 17:14:5.668 webserver: connecting to host metax.
Error 2026-1-22 17:14:5.671 webserver: failed to connect to host metax: AggregateError. Retrying in 1s...
Trace 2026-1-22 17:14:5.671 webserver: host metax connection closed. Retrying in 1s...
Error 2026-1-22 17:14:5.671 webserver: failed to connect to host metax: AggregateError. Retrying in 1s...
Trace 2026-1-22 17:14:5.671 webserver: host metax connection closed. Retrying in 1s...
Error 2026-1-22 17:14:5.671 webserver: failed to connect to host metax: AggregateError. Retrying in 1s...
Trace 2026-1-22 17:14:5.671 webserver: host metax connection closed. Retrying in 1s...
Error 2026-1-22 17:14:5.671 webserver: failed to connect to host metax: AggregateError. Retrying in 1s...
Trace 2026-1-22 17:14:5.671 webserver: host metax connection closed. Retrying in 1s...
Error 2026-1-22 17:14:5.671 webserver: failed to connect to host metax: AggregateError. Retrying in 1s...
Trace 2026-1-22 17:14:5.671 webserver: host metax connection closed. Retrying in 1s...
Error 2026-1-22 17:14:5.672 webserver: failed to connect to host metax: AggregateError. Retrying in 1s...
Trace 2026-1-22 17:14:5.672 webserver: host metax connection closed. Retrying in 1s...
Error 2026-1-22 17:14:5.672 webserver: failed to connect to host metax: AggregateError. Retrying in 1s...
Trace 2026-1-22 17:14:5.672 webserver: host metax connection closed. Retrying in 1s...
Error 2026-1-22 17:14:5.672 webserver: failed to connect to host metax: AggregateError. Retrying in 1s...
Trace 2026-1-22 17:14:5.672 webserver: host metax connection closed. Retrying in 1s...
Error 2026-1-22 17:14:5.672 webserver: failed to connect to host metax: AggregateError. Retrying in 1s...
Trace 2026-1-22 17:14:5.672 webserver: host metax connection closed. Retrying in 1s...
Error 2026-1-22 17:14:5.672 webserver: failed to connect to host metax: AggregateError. Retrying in 1s...
Trace 2026-1-22 17:14:5.672 webserver: host metax connection closed. Retrying in 1s...
Error 2026-1-22 17:14:5.672 webserver: failed to connect to host metax: AggregateError. Retrying in 1s...
Trace 2026-1-22 17:14:5.672 webserver: host metax connection closed. Retrying in 1s...
Error 2026-1-22 17:14:5.672 webserver: failed to connect to host metax: AggregateError. Retrying in 1s...
Trace 2026-1-22 17:14:5.672 webserver: host metax connection closed. Retrying in 1s...
Error 2026-1-22 17:14:5.672 webserver: failed to connect to host metax: AggregateError. Retrying in 1s...
Trace 2026-1-22 17:14:5.672 webserver: host metax connection closed. Retrying in 1s...
Error 2026-1-22 17:14:5.673 webserver: failed to connect to host metax: AggregateError. Retrying in 1s...
Trace 2026-1-22 17:14:5.673 webserver: host metax connection closed. Retrying in 1s...
Error 2026-1-22 17:14:5.673 webserver: failed to connect to host metax: AggregateError. Retrying in 1s...
Trace 2026-1-22 17:14:5.673 webserver: host metax connection closed. Retrying in 1s...
Error 2026-1-22 17:14:5.673 webserver: failed to connect to host metax: AggregateError. Retrying in 1s...
Trace 2026-1-22 17:14:5.673 webserver: host metax connection closed. Retrying in 1s...
Trace 2026-1-22 17:14:6.632 webserver: connecting to metax websocket.
Error 2026-1-22 17:14:6.635 webserver: metax websocket error: AggregateError
Warning 2026-1-22 17:14:6.636 webserver: metax websocket connection closed. Reconnecting in 3s...
Trace 2026-1-22 17:14:6.672 webserver: connecting to host metax.
Trace 2026-1-22 17:14:6.673 webserver: connecting to host metax.
Trace 2026-1-22 17:14:6.673 webserver: connecting to host metax.
Trace 2026-1-22 17:14:6.674 webserver: connecting to host metax.
Trace 2026-1-22 17:14:6.674 webserver: connecting to host metax.
Trace 2026-1-22 17:14:6.676 webserver: connecting to host metax.
Trace 2026-1-22 17:14:6.677 webserver: connecting to host metax.
Trace 2026-1-22 17:14:6.678 webserver: connecting to host metax.
Trace 2026-1-22 17:14:6.680 webserver: connecting to host metax.
Trace 2026-1-22 17:14:6.682 webserver: connecting to host metax.
Trace 2026-1-22 17:14:6.686 webserver: connecting to host metax.
Trace 2026-1-22 17:14:6.688 webserver: connecting to host metax.
Trace 2026-1-22 17:14:6.689 webserver: connecting to host metax.
Trace 2026-1-22 17:14:6.689 webserver: connecting to host metax.
Trace 2026-1-22 17:14:6.690 webserver: connecting to host metax.
Trace 2026-1-22 17:14:6.691 webserver: connecting to host metax.
Trace 2026-1-22 17:14:6.692 webserver: connecting to host metax.
Trace 2026-1-22 17:14:6.692 webserver: connecting to host metax.
Trace 2026-1-22 17:14:6.693 webserver: connecting to host metax.
Trace 2026-1-22 17:14:6.694 webserver: connecting to host metax.
Trace 2026-1-22 17:14:6.696 webserver: connecting to host metax.
Trace 2026-1-22 17:14:6.697 webserver: connecting to host metax.
Trace 2026-1-22 17:14:6.698 webserver: connecting to host metax.
Trace 2026-1-22 17:14:6.705 webserver: connecting to host metax.
Trace 2026-1-22 17:14:6.706 webserver: connecting to host metax.
Trace 2026-1-22 17:14:6.706 webserver: connecting to host metax.
Trace 2026-1-22 17:14:6.708 webserver: connecting to host metax.
Trace 2026-1-22 17:14:6.709 webserver: connecting to host metax.
Trace 2026-1-22 17:14:6.710 webserver: connecting to host metax.
Trace 2026-1-22 17:14:6.710 webserver: connecting to host metax.
Trace 2026-1-22 17:14:6.711 webserver: connecting to host metax.
Trace 2026-1-22 17:14:6.711 webserver: connecting to host metax.
Trace 2026-1-22 17:14:6.722 webserver: successfully connected to host metax.
Trace 2026-1-22 17:14:6.723 webserver: successfully connected to host metax.
Trace 2026-1-22 17:14:6.725 webserver: successfully connected to host metax.
Trace 2026-1-22 17:14:6.726 webserver: successfully connected to host metax.
Trace 2026-1-22 17:14:6.729 webserver: successfully connected to host metax.
Trace 2026-1-22 17:14:6.730 webserver: successfully connected to host metax.
Trace 2026-1-22 17:14:6.731 webserver: successfully connected to host metax.
Trace 2026-1-22 17:14:6.732 webserver: successfully connected to host metax.
Trace 2026-1-22 17:14:6.734 webserver: successfully connected to host metax.
Trace 2026-1-22 17:14:6.736 webserver: successfully connected to host metax.
Trace 2026-1-22 17:14:6.738 webserver: successfully connected to host metax.
Trace 2026-1-22 17:14:6.739 webserver: successfully connected to host metax.
Trace 2026-1-22 17:14:6.741 webserver: successfully connected to host metax.
Trace 2026-1-22 17:14:6.742 webserver: successfully connected to host metax.
Trace 2026-1-22 17:14:6.747 webserver: successfully connected to host metax.
Trace 2026-1-22 17:14:6.748 webserver: successfully connected to host metax.
Trace 2026-1-22 17:14:6.749 webserver: successfully connected to host metax.
Trace 2026-1-22 17:14:6.750 webserver: successfully connected to host metax.
Trace 2026-1-22 17:14:6.751 webserver: successfully connected to host metax.
Trace 2026-1-22 17:14:6.752 webserver: successfully connected to host metax.
Trace 2026-1-22 17:14:6.754 webserver: successfully connected to host metax.
Trace 2026-1-22 17:14:6.755 webserver: successfully connected to host metax.
Trace 2026-1-22 17:14:6.756 webserver: successfully connected to host metax.
Trace 2026-1-22 17:14:6.756 webserver: successfully connected to host metax.
Trace 2026-1-22 17:14:6.757 webserver: successfully connected to host metax.
Trace 2026-1-22 17:14:6.758 webserver: successfully connected to host metax.
Trace 2026-1-22 17:14:6.758 webserver: successfully connected to host metax.
Trace 2026-1-22 17:14:6.759 webserver: successfully connected to host metax.
Trace 2026-1-22 17:14:6.760 webserver: successfully connected to host metax.
Trace 2026-1-22 17:14:6.762 webserver: successfully connected to host metax.
Trace 2026-1-22 17:14:6.763 webserver: successfully connected to host metax.
Trace 2026-1-22 17:14:6.765 webserver: successfully connected to host metax.
Trace 2026-1-22 17:14:9.637 webserver: connecting to metax websocket.
Trace 2026-1-22 17:14:9.643 webserver: successfully connected to metax websocket.
Trace 2026-1-22 17:14:9.644 webserver: metax websocket token received: 8130413f-61b5-4b21-9eb5-4bfd5562f142
Trace 2026-1-22 17:14:9.644 webserver: re-registering all metax listeners.
Trace 2026-1-22 17:14:9.652 webserver: successfully re-registered all metax listeners.
